Starting...
Gathering coverage... done in 37.230886235s
      KILLED CONDITIONALS_NEGATION at auth.go:66:24
      KILLED CONDITIONALS_NEGATION at auth.go:77:15
      KILLED CONDITIONALS_NEGATION at auth.go:71:9
      KILLED CONDITIONALS_NEGATION at auth.go:76:9
      KILLED INVERT_LOGICAL at auth.go:113:63
      KILLED CONDITIONALS_NEGATION at auth.go:85:16
      KILLED INVERT_LOGICAL at auth.go:113:22
      KILLED CONDITIONALS_NEGATION at auth.go:111:68
      KILLED CONDITIONALS_NEGATION at auth.go:119:27
      KILLED CONDITIONALS_NEGATION at auth.go:113:75
      KILLED CONDITIONALS_NEGATION at auth.go:113:17
      KILLED INVERT_LOGICAL at auth.go:121:17
      KILLED CONDITIONALS_NEGATION at auth.go:121:33
      KILLED CONDITIONALS_NEGATION at auth.go:121:10
      KILLED CONDITIONALS_BOUNDARY at auth.go:145:16
      KILLED CONDITIONALS_NEGATION at auth.go:145:16
      KILLED CONDITIONALS_NEGATION at auth.go:150:16
      KILLED CONDITIONALS_NEGATION at auth.go:161:54
      KILLED CONDITIONALS_NEGATION at auth.go:155:9
      KILLED ARITHMETIC_BASE at auth.go:174:34
      KILLED ARITHMETIC_BASE at auth.go:174:28
      KILLED CONDITIONALS_NEGATION at auth.go:166:9
      KILLED CONDITIONALS_NEGATION at auth.go:170:9
      KILLED CONDITIONALS_NEGATION at auth.go:182:9
      KILLED CONDITIONALS_NEGATION at auth.go:191:44
      KILLED CONDITIONALS_NEGATION at auth.go:194:55
      KILLED CONDITIONALS_NEGATION at auth.go:199:9
      KILLED CONDITIONALS_BOUNDARY at auth.go:216:18
      KILLED CONDITIONALS_NEGATION at auth.go:213:9
      KILLED CONDITIONALS_NEGATION at auth.go:216:18
      KILLED CONDITIONALS_NEGATION at auth.go:246:56
      KILLED INVERT_LOGICAL at auth.go:248:15
      KILLED INVERT_LOGICAL at auth.go:254:15
      KILLED CONDITIONALS_NEGATION at auth.go:252:56
      KILLED CONDITIONALS_NEGATION at auth.go:267:11
      KILLED CONDITIONALS_NEGATION at auth.go:275:9
      KILLED CONDITIONALS_NEGATION at auth.go:304:18
      KILLED CONDITIONALS_BOUNDARY at auth.go:307:18
      KILLED CONDITIONALS_NEGATION at auth.go:307:18
      KILLED INVERT_LOGICAL at auth.go:337:19
      KILLED CONDITIONALS_NEGATION at auth.go:337:12
      KILLED CONDITIONALS_NEGATION at auth.go:337:29
      KILLED INVERT_LOGICAL at auth.go:359:48
      KILLED CONDITIONALS_NEGATION at auth.go:359:12
      KILLED INVERT_LOGICAL at auth.go:359:18
      KILLED CONDITIONALS_BOUNDARY at auth.go:359:33
      KILLED INVERT_LOGICAL at auth.go:362:19
      KILLED CONDITIONALS_NEGATION at auth.go:359:33
      KILLED CONDITIONALS_NEGATION at auth.go:362:12
      KILLED CONDITIONALS_NEGATION at auth.go:362:29
      KILLED INVERT_LOGICAL at auth.go:365:70
      KILLED INVERT_LOGICAL at auth.go:365:36
      KILLED CONDITIONALS_NEGATION at auth.go:371:12
      KILLED CONDITIONALS_NEGATION at auth.go:372:15
      KILLED CONDITIONALS_NEGATION at auth.go:374:12
      KILLED INVERT_NEGATIVES at auth.go:372:29
      KILLED ARITHMETIC_BASE at auth.go:372:29
      KILLED INVERT_LOOPCTRL at auth.go:375:4
      KILLED CONDITIONALS_BOUNDARY at auth.go:380:17
      KILLED CONDITIONALS_NEGATION at auth.go:377:12
      KILLED CONDITIONALS_NEGATION at auth.go:380:17
      KILLED INCREMENT_DECREMENT at auth.go:380:32
      KILLED INVERT_LOGICAL at auth.go:396:12
      KILLED INVERT_LOGICAL at auth.go:395:26
      KILLED INVERT_LOGICAL at auth.go:394:26
      KILLED INVERT_LOGICAL at auth.go:393:32
      KILLED INVERT_LOGICAL at auth.go:393:19
      KILLED CONDITIONALS_BOUNDARY at auth.go:393:12
      KILLED CONDITIONALS_NEGATION at auth.go:393:12
      KILLED CONDITIONALS_BOUNDARY at auth.go:393:24
      KILLED CONDITIONALS_NEGATION at auth.go:393:24
      KILLED INVERT_LOGICAL at auth.go:394:13
      KILLED CONDITIONALS_BOUNDARY at auth.go:394:6
      KILLED CONDITIONALS_NEGATION at auth.go:394:6
      KILLED CONDITIONALS_BOUNDARY at auth.go:394:18
      KILLED CONDITIONALS_NEGATION at auth.go:394:18
      KILLED INVERT_LOGICAL at auth.go:395:13
      KILLED CONDITIONALS_BOUNDARY at auth.go:395:6
      KILLED CONDITIONALS_NEGATION at auth.go:395:6
      KILLED CONDITIONALS_BOUNDARY at auth.go:395:18
      KILLED CONDITIONALS_NEGATION at auth.go:395:18
      KILLED CONDITIONALS_NEGATION at auth.go:396:5
      KILLED CONDITIONALS_NEGATION at caddyfile.go:19:10
      KILLED CONDITIONALS_NEGATION at caddyfile.go:104:13
      KILLED CONDITIONALS_NEGATION at auth.go:396:17
      KILLED CONDITIONALS_NEGATION at caddyfile.go:122:30
      KILLED CONDITIONALS_NEGATION at caddyfile.go:140:12
      KILLED CONDITIONALS_NEGATION at caddyfile.go:128:30
      KILLED CONDITIONALS_NEGATION at caddyfile.go:134:30
      KILLED CONDITIONALS_NEGATION at caddyfile.go:147:12
      KILLED CONDITIONALS_NEGATION at caddyfile.go:154:12
      KILLED CONDITIONALS_NEGATION at caddyfile.go:161:12
      KILLED CONDITIONALS_NEGATION at caddyfile.go:168:12
      KILLED CONDITIONALS_BOUNDARY at caddyfile.go:171:10
      KILLED CONDITIONALS_NEGATION at caddyfile.go:178:12
      KILLED CONDITIONALS_NEGATION at caddyfile.go:171:10
      KILLED CONDITIONALS_NEGATION at caddyfile.go:185:12
      KILLED CONDITIONALS_BOUNDARY at caddyfile.go:188:10
      KILLED CONDITIONALS_NEGATION at caddyfile.go:195:12
      KILLED CONDITIONALS_NEGATION at caddyfile.go:188:10
      KILLED CONDITIONALS_BOUNDARY at caddyfile.go:198:10
      KILLED CONDITIONALS_NEGATION at caddyfile.go:198:10
      KILLED CONDITIONALS_NEGATION at caddyfile.go:205:12
      KILLED CONDITIONALS_BOUNDARY at caddyfile.go:208:10
      KILLED CONDITIONALS_NEGATION at caddyfile.go:208:10
      KILLED CONDITIONALS_NEGATION at caddyfile.go:215:12
      KILLED CONDITIONALS_NEGATION at caddyfile.go:218:10
      KILLED CONDITIONALS_BOUNDARY at caddyfile.go:218:10
      KILLED CONDITIONALS_NEGATION at caddyfile.go:225:12
      KILLED CONDITIONALS_BOUNDARY at caddyfile.go:228:10
      KILLED CONDITIONALS_NEGATION at caddyfile.go:228:10
      KILLED CONDITIONALS_NEGATION at helpers.go:19:9
      KILLED CONDITIONALS_NEGATION at helpers.go:34:48
      KILLED CONDITIONALS_NEGATION at helpers.go:42:45
      KILLED CONDITIONALS_NEGATION at helpers.go:50:13
      KILLED CONDITIONALS_BOUNDARY at helpers.go:50:13
      KILLED CONDITIONALS_NEGATION at helpers.go:55:70
      KILLED CONDITIONALS_NEGATION at helpers.go:62:50
      KILLED INVERT_LOGICAL at helpers.go:65:65
      KILLED CONDITIONALS_NEGATION at helpers.go:65:58
      KILLED INVERT_LOGICAL at helpers.go:77:24
      KILLED INVERT_LOGICAL at helpers.go:77:12
      KILLED INVERT_LOGICAL at helpers.go:76:26
      KILLED INVERT_LOGICAL at helpers.go:75:26
      KILLED INVERT_LOGICAL at helpers.go:74:32
      KILLED INVERT_LOGICAL at helpers.go:74:19
      KILLED CONDITIONALS_BOUNDARY at helpers.go:74:12
      KILLED CONDITIONALS_NEGATION at helpers.go:74:12
      KILLED CONDITIONALS_BOUNDARY at helpers.go:74:24
      KILLED CONDITIONALS_NEGATION at helpers.go:74:24
      KILLED INVERT_LOGICAL at helpers.go:75:13
      KILLED CONDITIONALS_BOUNDARY at helpers.go:75:6
      KILLED CONDITIONALS_NEGATION at helpers.go:75:6
      KILLED CONDITIONALS_BOUNDARY at helpers.go:75:18
      KILLED CONDITIONALS_NEGATION at helpers.go:75:18
      KILLED INVERT_LOGICAL at helpers.go:76:13
      KILLED CONDITIONALS_BOUNDARY at helpers.go:76:6
      KILLED CONDITIONALS_NEGATION at helpers.go:76:6
      KILLED CONDITIONALS_BOUNDARY at helpers.go:76:18
      KILLED CONDITIONALS_NEGATION at helpers.go:77:5
      KILLED CONDITIONALS_NEGATION at helpers.go:76:18
      KILLED CONDITIONALS_NEGATION at helpers.go:77:17
      KILLED CONDITIONALS_NEGATION at helpers.go:77:29
      KILLED INVERT_LOGICAL at helpers.go:86:17
      KILLED CONDITIONALS_NEGATION at helpers.go:86:11
      KILLED CONDITIONALS_NEGATION at helpers.go:86:31
      KILLED CONDITIONALS_BOUNDARY at helpers.go:86:31
      KILLED INVERT_LOGICAL at helpers.go:95:35
      KILLED CONDITIONALS_BOUNDARY at helpers.go:98:16
      KILLED INCREMENT_DECREMENT at helpers.go:98:31
      KILLED CONDITIONALS_NEGATION at helpers.go:98:16
      KILLED INVERT_LOGICAL at helpers.go:110:16
      KILLED CONDITIONALS_NEGATION at helpers.go:110:9
      KILLED INVERT_LOGICAL at helpers.go:123:26
      KILLED CONDITIONALS_NEGATION at helpers.go:110:26
      KILLED INVERT_LOGICAL at helpers.go:122:26
      KILLED INVERT_LOGICAL at helpers.go:121:32
      KILLED INVERT_LOGICAL at helpers.go:121:19
      KILLED CONDITIONALS_BOUNDARY at helpers.go:121:12
      KILLED CONDITIONALS_NEGATION at helpers.go:121:12
      KILLED CONDITIONALS_BOUNDARY at helpers.go:121:24
      KILLED CONDITIONALS_NEGATION at helpers.go:121:24
      KILLED INVERT_LOGICAL at helpers.go:122:13
      KILLED CONDITIONALS_BOUNDARY at helpers.go:122:6
      KILLED CONDITIONALS_NEGATION at helpers.go:122:6
      KILLED CONDITIONALS_BOUNDARY at helpers.go:122:18
      KILLED CONDITIONALS_NEGATION at helpers.go:122:18
      KILLED INVERT_LOGICAL at helpers.go:123:13
      KILLED CONDITIONALS_BOUNDARY at helpers.go:123:6
      KILLED CONDITIONALS_NEGATION at helpers.go:123:6
      KILLED CONDITIONALS_BOUNDARY at helpers.go:123:18
      KILLED CONDITIONALS_NEGATION at helpers.go:123:18
      KILLED CONDITIONALS_NEGATION at helpers.go:128:10
      KILLED CONDITIONALS_BOUNDARY at helpers.go:131:16
      KILLED CONDITIONALS_NEGATION at helpers.go:131:16
      KILLED INCREMENT_DECREMENT at helpers.go:131:30
      KILLED CONDITIONALS_NEGATION at provision.go:52:44
      KILLED CONDITIONALS_BOUNDARY at provision.go:60:25
      KILLED CONDITIONALS_NEGATION at provision.go:55:42
      KILLED CONDITIONALS_NEGATION at provision.go:60:25
      KILLED CONDITIONALS_BOUNDARY at provision.go:63:21
      KILLED CONDITIONALS_NEGATION at provision.go:63:21
      KILLED CONDITIONALS_NEGATION at provision.go:69:21
      KILLED ARITHMETIC_BASE at provision.go:70:27
      KILLED INVERT_NEGATIVES at provision.go:70:27
      KILLED CONDITIONALS_NEGATION at provision.go:73:27
      KILLED CONDITIONALS_NEGATION at provision.go:76:27
      KILLED CONDITIONALS_NEGATION at provision.go:79:27
      KILLED CONDITIONALS_NEGATION at provision.go:86:20
      KILLED CONDITIONALS_BOUNDARY at provision.go:89:24
      KILLED CONDITIONALS_NEGATION at provision.go:89:24
      KILLED CONDITIONALS_NEGATION at provision.go:92:18
      KILLED CONDITIONALS_NEGATION at provision.go:95:16
      KILLED CONDITIONALS_NEGATION at provision.go:98:17
      KILLED CONDITIONALS_NEGATION at provision.go:105:32
      KILLED CONDITIONALS_NEGATION at provision.go:116:33
      KILLED CONDITIONALS_NEGATION at provision.go:122:19
      KILLED CONDITIONALS_NEGATION at provision.go:130:10
      KILLED CONDITIONALS_NEGATION at provision.go:137:9
      KILLED CONDITIONALS_NEGATION at provision.go:148:9
      KILLED INVERT_NEGATIVES at provision.go:169:19
      KILLED ARITHMETIC_BASE at provision.go:169:19
      KILLED CONDITIONALS_NEGATION at provision.go:170:21
      KILLED ARITHMETIC_BASE at provision.go:174:53
      KILLED CONDITIONALS_NEGATION at provision.go:178:11
      KILLED CONDITIONALS_NEGATION at provision.go:191:23
      KILLED CONDITIONALS_NEGATION at provision.go:193:24
      KILLED INVERT_LOGICAL at provision.go:195:29
      KILLED CONDITIONALS_NEGATION at provision.go:195:23
      KILLED CONDITIONALS_NEGATION at provision.go:195:47
      KILLED INVERT_LOGICAL at provision.go:200:68
      KILLED INVERT_LOGICAL at provision.go:200:46
      KILLED INVERT_LOGICAL at provision.go:200:23
 NOT COVERED CONDITIONALS_NEGATION at provision.go:202:10
      KILLED CONDITIONALS_NEGATION at provision.go:200:17
      KILLED CONDITIONALS_NEGATION at provision.go:200:40
      KILLED CONDITIONALS_NEGATION at provision.go:200:62
      KILLED CONDITIONALS_NEGATION at provision.go:209:9
      KILLED CONDITIONALS_NEGATION at provision.go:226:17
      KILLED CONDITIONALS_NEGATION at provision.go:228:10
      KILLED INVERT_LOGICAL at provision.go:238:25
      KILLED CONDITIONALS_NEGATION at provision.go:238:19
      KILLED CONDITIONALS_NEGATION at provision.go:238:41
      KILLED CONDITIONALS_NEGATION at provision.go:240:10
      KILLED CONDITIONALS_NEGATION at provision.go:258:16
      KILLED CONDITIONALS_NEGATION at provision.go:262:12
      KILLED CONDITIONALS_NEGATION at provision.go:273:15
      KILLED CONDITIONALS_NEGATION at provision.go:276:18
      KILLED CONDITIONALS_NEGATION at provision.go:282:23
      KILLED INCREMENT_DECREMENT at provision.go:283:14
      KILLED CONDITIONALS_NEGATION at provision.go:285:17
      KILLED INCREMENT_DECREMENT at provision.go:286:14
      KILLED INVERT_LOGICAL at provision.go:288:22
      KILLED CONDITIONALS_NEGATION at provision.go:288:16
      KILLED INVERT_LOGICAL at provision.go:289:23
      KILLED CONDITIONALS_NEGATION at provision.go:288:40
      KILLED CONDITIONALS_NEGATION at provision.go:289:17
      KILLED CONDITIONALS_NEGATION at provision.go:289:41
      KILLED INCREMENT_DECREMENT at provision.go:292:14
      KILLED CONDITIONALS_BOUNDARY at provision.go:294:17
      KILLED CONDITIONALS_NEGATION at provision.go:294:17
      KILLED CONDITIONALS_NEGATION at provision.go:299:27
      KILLED CONDITIONALS_NEGATION at provision.go:299:20
      KILLED CONDITIONALS_NEGATION at provision.go:299:44
      KILLED INVERT_LOGICAL at provision.go:309:28
      KILLED CONDITIONALS_NEGATION at provision.go:309:21
      KILLED CONDITIONALS_NEGATION at provision.go:309:48
      KILLED CONDITIONALS_BOUNDARY at provision.go:309:48
      KILLED INVERT_NEGATIVES at provision.go:309:50
      KILLED ARITHMETIC_BASE at provision.go:309:50
      KILLED CONDITIONALS_BOUNDARY at provision.go:312:22
      KILLED CONDITIONALS_NEGATION at provision.go:312:22
      KILLED CONDITIONALS_BOUNDARY at provision.go:315:24
      KILLED CONDITIONALS_NEGATION at provision.go:315:24
      KILLED CONDITIONALS_BOUNDARY at provision.go:318:23
      KILLED CONDITIONALS_NEGATION at provision.go:318:23
      KILLED CONDITIONALS_BOUNDARY at provision.go:321:20
      KILLED CONDITIONALS_NEGATION at provision.go:321:20
      KILLED CONDITIONALS_BOUNDARY at provision.go:324:25
      KILLED CONDITIONALS_NEGATION at provision.go:324:25
      KILLED CONDITIONALS_BOUNDARY at provision.go:327:20
      KILLED CONDITIONALS_NEGATION at provision.go:327:20
      KILLED CONDITIONALS_NEGATION at provision.go:330:27
      KILLED INVERT_LOGICAL at provision.go:330:33
      KILLED INVERT_LOGICAL at provision.go:333:33
      KILLED CONDITIONALS_NEGATION at provision.go:330:55
      KILLED CONDITIONALS_NEGATION at provision.go:352:42
      KILLED CONDITIONALS_NEGATION at provision.go:333:27
      KILLED CONDITIONALS_NEGATION at provision.go:349:44
      KILLED ARITHMETIC_BASE at provision.go:360:86
      KILLED ARITHMETIC_BASE at provision.go:359:85
      KILLED CONDITIONALS_NEGATION at provision.go:357:8
      KILLED CONDITIONALS_NEGATION at provision.go:358:16
      KILLED INVERT_LOOPCTRL at provision.go:363:4
      KILLED INVERT_LOGICAL at provision.go:367:21
      KILLED CONDITIONALS_NEGATION at provision.go:367:14
      KILLED INVERT_LOGICAL at provision.go:367:70
      KILLED INVERT_LOGICAL at provision.go:367:49
      KILLED CONDITIONALS_NEGATION at provision.go:367:43
      KILLED CONDITIONALS_NEGATION at provision.go:367:64
      KILLED INVERT_LOGICAL at provision.go:367:91
      KILLED INVERT_LOGICAL at provision.go:374:21
      KILLED CONDITIONALS_NEGATION at provision.go:367:85
      KILLED CONDITIONALS_NEGATION at provision.go:367:109
      KILLED CONDITIONALS_NEGATION at provision.go:374:14
      KILLED INVERT_LOGICAL at provision.go:378:49
      KILLED CONDITIONALS_NEGATION at provision.go:378:14
      KILLED INVERT_LOGICAL at provision.go:378:21
      KILLED CONDITIONALS_NEGATION at provision.go:378:43
      KILLED CONDITIONALS_BOUNDARY at provision.go:378:76
      KILLED INVERT_LOGICAL at serve.go:84:43
      KILLED CONDITIONALS_NEGATION at provision.go:378:76
      KILLED CONDITIONALS_NEGATION at serve.go:84:11
      KILLED CONDITIONALS_NEGATION at serve.go:84:48
      KILLED CONDITIONALS_BOUNDARY at serve.go:149:31
      KILLED CONDITIONALS_NEGATION at serve.go:149:31
      KILLED CONDITIONALS_NEGATION at serve.go:152:32
      KILLED INVERT_LOGICAL at serve.go:254:16
      KILLED CONDITIONALS_NEGATION at serve.go:254:9
      KILLED CONDITIONALS_NEGATION at serve.go:206:14
      KILLED CONDITIONALS_NEGATION at serve.go:258:49
      KILLED INVERT_LOGICAL at serve.go:258:29
      KILLED CONDITIONALS_NEGATION at serve.go:276:16
      KILLED CONDITIONALS_NEGATION at serve.go:280:59
      KILLED CONDITIONALS_NEGATION at serve.go:292:16
      KILLED CONDITIONALS_BOUNDARY at serve.go:304:22
      KILLED CONDITIONALS_NEGATION at serve.go:293:15
      KILLED CONDITIONALS_NEGATION at serve.go:304:22
      KILLED CONDITIONALS_NEGATION at serve.go:307:16
      KILLED CONDITIONALS_NEGATION at serve.go:328:30
 NOT COVERED CONDITIONALS_NEGATION at serve.go:342:15
      KILLED CONDITIONALS_BOUNDARY at serve.go:328:30
      KILLED CONDITIONALS_NEGATION at serve.go:329:15
      KILLED CONDITIONALS_NEGATION at serve.go:341:31
      KILLED CONDITIONALS_NEGATION at serve.go:361:14
      KILLED INVERT_LOGICAL at serve.go:361:32
      KILLED INVERT_LOGICAL at serve.go:365:32
      KILLED CONDITIONALS_NEGATION at serve.go:369:14
      KILLED INVERT_LOGICAL at serve.go:369:32
      KILLED CONDITIONALS_NEGATION at serve.go:365:14
      KILLED CONDITIONALS_NEGATION at serve.go:373:14
      KILLED CONDITIONALS_NEGATION at serve.go:397:17
      KILLED CONDITIONALS_NEGATION at serve.go:380:11
      KILLED CONDITIONALS_NEGATION at serve.go:379:14
      KILLED ARITHMETIC_BASE at serve.go:422:32
      KILLED CONDITIONALS_NEGATION at serve.go:401:11
      KILLED CONDITIONALS_NEGATION at serve.go:413:17
      KILLED INVERT_LOOPCTRL at serve.go:426:4
      KILLED INVERT_LOGICAL at serve.go:436:36
      KILLED CONDITIONALS_BOUNDARY at serve.go:436:32
      KILLED CONDITIONALS_NEGATION at serve.go:436:32
      KILLED CONDITIONALS_BOUNDARY at serve.go:436:56
      KILLED CONDITIONALS_NEGATION at serve.go:436:56
      KILLED CONDITIONALS_NEGATION at serve.go:443:29
      KILLED CONDITIONALS_NEGATION at serve.go:447:15
      KILLED CONDITIONALS_NEGATION at serve.go:444:15
      KILLED CONDITIONALS_BOUNDARY at serve.go:450:21
      KILLED CONDITIONALS_NEGATION at serve.go:450:21
      KILLED CONDITIONALS_NEGATION at serve.go:454:16
      KILLED INVERT_LOGICAL at serve.go:461:17
      KILLED CONDITIONALS_NEGATION at serve.go:461:10
      KILLED CONDITIONALS_NEGATION at serve.go:461:29
      KILLED CONDITIONALS_NEGATION at serve.go:469:11
      KILLED CONDITIONALS_NEGATION at serve.go:474:16
      KILLED ARITHMETIC_BASE at serve.go:481:29
      KILLED CONDITIONALS_BOUNDARY at serve.go:513:13
      KILLED CONDITIONALS_NEGATION at serve.go:513:13
      KILLED ARITHMETIC_BASE at serve.go:516:54
      KILLED CONDITIONALS_BOUNDARY at serve.go:545:13
      KILLED CONDITIONALS_NEGATION at serve.go:545:13
      KILLED CONDITIONALS_NEGATION at serve.go:560:15
      KILLED INVERT_LOGICAL at serve.go:591:27
      KILLED CONDITIONALS_BOUNDARY at serve.go:591:53
      KILLED CONDITIONALS_NEGATION at serve.go:591:53
      KILLED INVERT_LOGICAL at serve.go:598:51
      KILLED CONDITIONALS_NEGATION at serve.go:592:60
      KILLED INVERT_LOGICAL at serve.go:598:29
      KILLED CONDITIONALS_BOUNDARY at serve.go:598:47
      KILLED CONDITIONALS_NEGATION at serve.go:598:47
 NOT COVERED CONDITIONALS_NEGATION at serve.go:602:24
 NOT COVERED CONDITIONALS_NEGATION at serve.go:609:22
      KILLED CONDITIONALS_BOUNDARY at serve.go:598:80
      KILLED CONDITIONALS_NEGATION at serve.go:598:80
      KILLED CONDITIONALS_NEGATION at serve.go:599:76
      KILLED INVERT_LOGICAL at serve.go:626:32
      KILLED CONDITIONALS_BOUNDARY at serve.go:626:28
      KILLED CONDITIONALS_NEGATION at serve.go:626:28
      KILLED CONDITIONALS_BOUNDARY at serve.go:626:58
      KILLED CONDITIONALS_NEGATION at serve.go:626:58
      KILLED CONDITIONALS_BOUNDARY at serve.go:633:28
      KILLED CONDITIONALS_NEGATION at serve.go:633:28
      KILLED INVERT_LOGICAL at serve.go:638:28
      KILLED CONDITIONALS_BOUNDARY at serve.go:638:24
      KILLED CONDITIONALS_NEGATION at serve.go:638:24
      KILLED CONDITIONALS_BOUNDARY at serve.go:638:57
      KILLED CONDITIONALS_NEGATION at serve.go:638:57
      KILLED INVERT_LOGICAL at serve.go:654:46
      KILLED CONDITIONALS_BOUNDARY at serve.go:654:20
      KILLED INVERT_LOGICAL at serve.go:654:25
      KILLED CONDITIONALS_NEGATION at serve.go:654:20
      KILLED CONDITIONALS_BOUNDARY at serve.go:654:66
      KILLED CONDITIONALS_NEGATION at serve.go:654:66
      KILLED ARITHMETIC_BASE at serve.go:660:63
      KILLED ARITHMETIC_BASE at serve.go:660:32
      KILLED INVERT_NEGATIVES at serve.go:660:32
      KILLED CONDITIONALS_BOUNDARY at serve.go:670:20
      KILLED CONDITIONALS_NEGATION at serve.go:670:20
      KILLED ARITHMETIC_BASE at serve.go:682:55
      KILLED INVERT_NEGATIVES at serve.go:682:24
      KILLED CONDITIONALS_BOUNDARY at serve.go:734:28
      KILLED ARITHMETIC_BASE at serve.go:682:24
      KILLED INVERT_LOGICAL at serve.go:740:56
      KILLED CONDITIONALS_NEGATION at serve.go:734:28
      KILLED INVERT_LOGICAL at serve.go:740:16
      KILLED CONDITIONALS_NEGATION at serve.go:740:9
      KILLED CONDITIONALS_NEGATION at serve.go:746:35
      KILLED CONDITIONALS_NEGATION at serve.go:744:9
      KILLED CONDITIONALS_NEGATION at serve.go:758:34
      KILLED CONDITIONALS_NEGATION at serve.go:774:28
      KILLED CONDITIONALS_NEGATION at serve.go:788:36
      KILLED ARITHMETIC_BASE at serve.go:813:48
      KILLED CONDITIONALS_NEGATION at serve.go:823:14
 NOT COVERED INVERT_LOOPCTRL at serve.go:874:5
      KILLED CONDITIONALS_NEGATION at serve.go:827:103
      KILLED ARITHMETIC_BASE at serve.go:838:65
 NOT COVERED INVERT_LOOPCTRL at serve.go:891:5
      KILLED CONDITIONALS_NEGATION at serve.go:873:11
      KILLED CONDITIONALS_NEGATION at serve.go:878:29
      KILLED INVERT_LOOPCTRL at serve.go:888:5
      KILLED INCREMENT_DECREMENT at serve.go:908:20
      KILLED CONDITIONALS_BOUNDARY at serve.go:909:24
      KILLED CONDITIONALS_NEGATION at serve.go:894:87
      KILLED CONDITIONALS_NEGATION at serve.go:909:24
      KILLED INVERT_LOGICAL at serve.go:945:28
      KILLED CONDITIONALS_NEGATION at serve.go:923:104
      KILLED INVERT_LOGICAL at serve.go:944:35
      KILLED INVERT_LOGICAL at serve.go:943:57
      KILLED CONDITIONALS_BOUNDARY at serve.go:956:25
      KILLED INVERT_LOGICAL at serve.go:956:30
      KILLED CONDITIONALS_NEGATION at serve.go:943:26
      KILLED CONDITIONALS_NEGATION at serve.go:956:25
      KILLED INVERT_LOGICAL at serve.go:959:34
      KILLED CONDITIONALS_NEGATION at serve.go:959:29
      KILLED CONDITIONALS_BOUNDARY at serve.go:962:34
      KILLED CONDITIONALS_NEGATION at serve.go:962:34
      KILLED CONDITIONALS_BOUNDARY at serve.go:993:20
      KILLED INVERT_LOGICAL at serve.go:993:24
      KILLED CONDITIONALS_NEGATION at serve.go:993:20
      KILLED CONDITIONALS_BOUNDARY at serve.go:993:41
      KILLED CONDITIONALS_NEGATION at serve.go:993:41
      KILLED CONDITIONALS_NEGATION at serve.go:1008:13
      KILLED ARITHMETIC_BASE at serve.go:1023:27
      KILLED INVERT_LOGICAL at serve.go:1034:24
      KILLED CONDITIONALS_BOUNDARY at serve.go:1034:20
      KILLED CONDITIONALS_NEGATION at serve.go:1034:20
      KILLED CONDITIONALS_BOUNDARY at serve.go:1034:39
      KILLED CONDITIONALS_NEGATION at serve.go:1034:39
      KILLED INVERT_LOGICAL at serve.go:1109:19
      KILLED CONDITIONALS_BOUNDARY at serve.go:1109:15
      KILLED CONDITIONALS_NEGATION at serve.go:1109:15
      KILLED INVERT_LOGICAL at serve.go:1109:34
      KILLED CONDITIONALS_NEGATION at serve.go:1109:29
      KILLED CONDITIONALS_BOUNDARY at serve.go:1109:43
      KILLED CONDITIONALS_NEGATION at serve.go:1109:43
      KILLED CONDITIONALS_NEGATION at serve.go:1115:10
      KILLED CONDITIONALS_BOUNDARY at serve.go:1127:49
      KILLED CONDITIONALS_NEGATION at serve.go:1127:49
      KILLED CONDITIONALS_BOUNDARY at serve.go:1131:16
      KILLED CONDITIONALS_NEGATION at serve.go:1131:16
      KILLED CONDITIONALS_NEGATION at serve.go:1135:9
      KILLED CONDITIONALS_NEGATION at serve.go:1161:19
      KILLED CONDITIONALS_NEGATION at serve.go:1139:9
      KILLED CONDITIONALS_BOUNDARY at serve.go:1168:17
      KILLED CONDITIONALS_NEGATION at serve.go:1168:17
      KILLED CONDITIONALS_BOUNDARY at serve.go:1172:11
      KILLED INVERT_LOGICAL at serve.go:1172:19
      KILLED CONDITIONALS_NEGATION at serve.go:1172:11
      KILLED CONDITIONALS_NEGATION at serve.go:1172:34
      KILLED INCREMENT_DECREMENT at serve.go:1173:7
      KILLED CONDITIONALS_NEGATION at serve.go:1176:18
      KILLED CONDITIONALS_NEGATION at serve.go:1181:39
      KILLED INVERT_NEGATIVES at serve.go:1182:32
      KILLED ARITHMETIC_BASE at serve.go:1182:32
      KILLED ARITHMETIC_BASE at serve.go:1189:35
      KILLED INVERT_LOOPCTRL at serve.go:1183:4
      KILLED CONDITIONALS_NEGATION at serve.go:1186:17
      KILLED INVERT_LOGICAL at serve.go:1214:19
      KILLED CONDITIONALS_NEGATION at serve.go:1214:29
      KILLED CONDITIONALS_NEGATION at serve.go:1214:13
      KILLED CONDITIONALS_NEGATION at serve.go:1220:18
      KILLED CONDITIONALS_NEGATION at serve.go:1221:15
      KILLED CONDITIONALS_BOUNDARY at serve.go:1221:15
      KILLED CONDITIONALS_BOUNDARY at serve.go:1223:10
      KILLED CONDITIONALS_NEGATION at serve.go:1223:10
      KILLED INVERT_LOGICAL at serve.go:1226:25
      KILLED CONDITIONALS_NEGATION at serve.go:1226:18
      KILLED CONDITIONALS_NEGATION at serve.go:1226:40
      KILLED ARITHMETIC_BASE at serve.go:1266:14
      KILLED CONDITIONALS_NEGATION at serve.go:1230:28
      KILLED CONDITIONALS_NEGATION at serve.go:1262:10
      KILLED CONDITIONALS_NEGATION at serve.go:1268:13
      KILLED CONDITIONALS_BOUNDARY at serve.go:1282:15
      KILLED CONDITIONALS_NEGATION at serve.go:1282:15
      KILLED ARITHMETIC_BASE at serve.go:1285:55
      KILLED INVERT_NEGATIVES at serve.go:1295:32
      KILLED ARITHMETIC_BASE at serve.go:1295:32
      KILLED CONDITIONALS_NEGATION at serve.go:1304:18
      KILLED INVERT_LOOPCTRL at serve.go:1314:5
      KILLED CONDITIONALS_NEGATION at serve.go:1320:18
      KILLED CONDITIONALS_NEGATION at serve.go:1340:12
      KILLED CONDITIONALS_BOUNDARY at serve.go:1345:27
      KILLED CONDITIONALS_NEGATION at serve.go:1350:14
      KILLED CONDITIONALS_NEGATION at serve.go:1345:27
      KILLED INVERT_LOOPCTRL at serve.go:1352:4
      KILLED INVERT_LOGICAL at serve.go:1358:15
      KILLED CONDITIONALS_NEGATION at serve.go:1354:14
      KILLED INVERT_LOGICAL at serve.go:1380:56
      KILLED CONDITIONALS_NEGATION at serve.go:1380:49
      KILLED CONDITIONALS_NEGATION at serve.go:1380:68
      KILLED INVERT_LOGICAL at serve.go:1406:17
      KILLED CONDITIONALS_NEGATION at serve.go:1406:10
      KILLED CONDITIONALS_NEGATION at serve.go:1412:8
      KILLED CONDITIONALS_NEGATION at serve.go:1418:10
      KILLED CONDITIONALS_NEGATION at serve.go:1427:49

Mutation testing completed in 8 minutes 23 seconds
Killed: 498, Lived: 0, Not covered: 6
Timed out: 0, Not viable: 0, Skipped: 0
Test efficacy: 100.00%
Mutator coverage: 98.81%
