Starting...
Gathering coverage... done in 37.203844083s
      KILLED CONDITIONALS_NEGATION at auth.go:71:9
      KILLED CONDITIONALS_NEGATION at auth.go:77:15
      KILLED CONDITIONALS_NEGATION at auth.go:66:24
      KILLED CONDITIONALS_NEGATION at auth.go:76:9
      KILLED CONDITIONALS_NEGATION at auth.go:111:68
      KILLED INVERT_LOGICAL at auth.go:113:22
      KILLED CONDITIONALS_NEGATION at auth.go:85:16
      KILLED INVERT_LOGICAL at auth.go:113:63
      KILLED CONDITIONALS_NEGATION at auth.go:113:17
      KILLED CONDITIONALS_NEGATION at auth.go:113:75
      KILLED CONDITIONALS_NEGATION at auth.go:119:27
      KILLED INVERT_LOGICAL at auth.go:121:17
      KILLED CONDITIONALS_NEGATION at auth.go:121:33
      KILLED CONDITIONALS_NEGATION at auth.go:121:10
      KILLED CONDITIONALS_BOUNDARY at auth.go:145:16
      KILLED CONDITIONALS_NEGATION at auth.go:145:16
      KILLED CONDITIONALS_NEGATION at auth.go:150:16
      KILLED CONDITIONALS_NEGATION at auth.go:161:54
      KILLED CONDITIONALS_NEGATION at auth.go:155:9
      KILLED ARITHMETIC_BASE at auth.go:174:34
      KILLED CONDITIONALS_NEGATION at auth.go:166:9
      KILLED ARITHMETIC_BASE at auth.go:174:28
      KILLED CONDITIONALS_NEGATION at auth.go:170:9
      KILLED CONDITIONALS_NEGATION at auth.go:194:55
      KILLED CONDITIONALS_NEGATION at auth.go:182:9
      KILLED CONDITIONALS_NEGATION at auth.go:191:44
      KILLED CONDITIONALS_NEGATION at auth.go:199:9
      KILLED CONDITIONALS_BOUNDARY at auth.go:216:18
      KILLED CONDITIONALS_NEGATION at auth.go:213:9
      KILLED CONDITIONALS_NEGATION at auth.go:216:18
      KILLED CONDITIONALS_NEGATION at auth.go:252:56
      KILLED INVERT_LOGICAL at auth.go:248:15
      KILLED CONDITIONALS_NEGATION at auth.go:246:56
      KILLED INVERT_LOGICAL at auth.go:254:15
      KILLED CONDITIONALS_NEGATION at auth.go:267:11
      KILLED CONDITIONALS_NEGATION at auth.go:275:9
      KILLED CONDITIONALS_NEGATION at auth.go:304:18
      KILLED CONDITIONALS_BOUNDARY at auth.go:307:18
      KILLED CONDITIONALS_NEGATION at auth.go:307:18
      KILLED INVERT_LOGICAL at auth.go:337:19
      KILLED CONDITIONALS_NEGATION at auth.go:337:12
      KILLED CONDITIONALS_NEGATION at auth.go:337:29
      KILLED INVERT_LOGICAL at auth.go:359:48
      KILLED INVERT_LOGICAL at auth.go:359:18
      KILLED CONDITIONALS_NEGATION at auth.go:359:12
      KILLED CONDITIONALS_BOUNDARY at auth.go:359:33
      KILLED CONDITIONALS_NEGATION at auth.go:359:33
      KILLED INVERT_LOGICAL at auth.go:362:19
      KILLED CONDITIONALS_NEGATION at auth.go:362:12
      KILLED CONDITIONALS_NEGATION at auth.go:362:29
      KILLED INVERT_LOGICAL at auth.go:365:70
      KILLED INVERT_LOGICAL at auth.go:365:36
      KILLED CONDITIONALS_NEGATION at auth.go:371:12
      KILLED CONDITIONALS_NEGATION at auth.go:372:15
      KILLED INVERT_NEGATIVES at auth.go:372:29
      KILLED ARITHMETIC_BASE at auth.go:372:29
      KILLED CONDITIONALS_NEGATION at auth.go:374:12
      KILLED INVERT_LOOPCTRL at auth.go:375:4
      KILLED CONDITIONALS_NEGATION at auth.go:377:12
      KILLED CONDITIONALS_BOUNDARY at auth.go:380:17
      KILLED CONDITIONALS_NEGATION at auth.go:380:17
      KILLED INCREMENT_DECREMENT at auth.go:380:32
      KILLED INVERT_LOGICAL at auth.go:396:12
      KILLED INVERT_LOGICAL at auth.go:395:26
      KILLED INVERT_LOGICAL at auth.go:393:32
      KILLED INVERT_LOGICAL at auth.go:394:26
      KILLED CONDITIONALS_BOUNDARY at auth.go:393:12
      KILLED INVERT_LOGICAL at auth.go:393:19
      KILLED CONDITIONALS_BOUNDARY at auth.go:393:24
      KILLED CONDITIONALS_NEGATION at auth.go:393:12
      KILLED INVERT_LOGICAL at auth.go:394:13
      KILLED CONDITIONALS_NEGATION at auth.go:393:24
      KILLED CONDITIONALS_NEGATION at auth.go:394:6
      KILLED CONDITIONALS_BOUNDARY at auth.go:394:6
      KILLED CONDITIONALS_BOUNDARY at auth.go:394:18
      KILLED CONDITIONALS_NEGATION at auth.go:394:18
      KILLED INVERT_LOGICAL at auth.go:395:13
      KILLED CONDITIONALS_BOUNDARY at auth.go:395:6
      KILLED CONDITIONALS_NEGATION at auth.go:395:6
      KILLED CONDITIONALS_BOUNDARY at auth.go:395:18
      KILLED CONDITIONALS_NEGATION at auth.go:395:18
      KILLED CONDITIONALS_NEGATION at auth.go:396:5
      KILLED CONDITIONALS_NEGATION at auth.go:396:17
      KILLED CONDITIONALS_NEGATION at caddyfile.go:19:10
      KILLED CONDITIONALS_NEGATION at caddyfile.go:104:13
      KILLED CONDITIONALS_NEGATION at caddyfile.go:122:30
      KILLED CONDITIONALS_NEGATION at caddyfile.go:128:30
      KILLED CONDITIONALS_NEGATION at caddyfile.go:134:30
      KILLED CONDITIONALS_NEGATION at caddyfile.go:140:12
      KILLED CONDITIONALS_NEGATION at caddyfile.go:147:12
      KILLED CONDITIONALS_NEGATION at caddyfile.go:154:12
      KILLED CONDITIONALS_NEGATION at caddyfile.go:161:12
      KILLED CONDITIONALS_NEGATION at caddyfile.go:168:12
      KILLED CONDITIONALS_BOUNDARY at caddyfile.go:171:10
      KILLED CONDITIONALS_NEGATION at caddyfile.go:171:10
      KILLED CONDITIONALS_NEGATION at caddyfile.go:178:12
      KILLED CONDITIONALS_NEGATION at caddyfile.go:185:12
      KILLED CONDITIONALS_BOUNDARY at caddyfile.go:188:10
      KILLED CONDITIONALS_NEGATION at caddyfile.go:195:12
      KILLED CONDITIONALS_NEGATION at caddyfile.go:188:10
      KILLED CONDITIONALS_BOUNDARY at caddyfile.go:198:10
      KILLED CONDITIONALS_NEGATION at caddyfile.go:198:10
      KILLED CONDITIONALS_NEGATION at caddyfile.go:205:12
      KILLED CONDITIONALS_NEGATION at caddyfile.go:208:10
      KILLED CONDITIONALS_BOUNDARY at caddyfile.go:208:10
      KILLED CONDITIONALS_NEGATION at caddyfile.go:215:12
      KILLED CONDITIONALS_NEGATION at caddyfile.go:218:10
      KILLED CONDITIONALS_BOUNDARY at caddyfile.go:218:10
      KILLED CONDITIONALS_NEGATION at caddyfile.go:225:12
      KILLED CONDITIONALS_BOUNDARY at caddyfile.go:228:10
      KILLED CONDITIONALS_NEGATION at caddyfile.go:228:10
      KILLED CONDITIONALS_NEGATION at helpers.go:34:48
      KILLED CONDITIONALS_NEGATION at helpers.go:19:9
      KILLED CONDITIONALS_NEGATION at helpers.go:42:45
      KILLED CONDITIONALS_NEGATION at helpers.go:50:13
      KILLED CONDITIONALS_NEGATION at helpers.go:55:70
      KILLED CONDITIONALS_BOUNDARY at helpers.go:50:13
      KILLED CONDITIONALS_NEGATION at helpers.go:62:50
      KILLED CONDITIONALS_NEGATION at helpers.go:65:58
      KILLED INVERT_LOGICAL at helpers.go:65:65
      KILLED INVERT_LOGICAL at helpers.go:77:24
      KILLED INVERT_LOGICAL at helpers.go:77:12
      KILLED INVERT_LOGICAL at helpers.go:75:26
      KILLED INVERT_LOGICAL at helpers.go:76:26
      KILLED INVERT_LOGICAL at helpers.go:74:32
      KILLED INVERT_LOGICAL at helpers.go:74:19
      KILLED CONDITIONALS_BOUNDARY at helpers.go:74:12
      KILLED CONDITIONALS_NEGATION at helpers.go:74:12
      KILLED CONDITIONALS_BOUNDARY at helpers.go:74:24
      KILLED CONDITIONALS_NEGATION at helpers.go:74:24
      KILLED INVERT_LOGICAL at helpers.go:75:13
      KILLED CONDITIONALS_BOUNDARY at helpers.go:75:6
      KILLED CONDITIONALS_NEGATION at helpers.go:75:6
      KILLED CONDITIONALS_BOUNDARY at helpers.go:75:18
      KILLED CONDITIONALS_NEGATION at helpers.go:75:18
      KILLED INVERT_LOGICAL at helpers.go:76:13
      KILLED CONDITIONALS_BOUNDARY at helpers.go:76:6
      KILLED CONDITIONALS_NEGATION at helpers.go:76:6
      KILLED CONDITIONALS_BOUNDARY at helpers.go:76:18
      KILLED CONDITIONALS_NEGATION at helpers.go:76:18
      KILLED CONDITIONALS_NEGATION at helpers.go:77:5
      KILLED CONDITIONALS_NEGATION at helpers.go:77:17
      KILLED CONDITIONALS_NEGATION at helpers.go:77:29
      KILLED INVERT_LOGICAL at helpers.go:86:17
      KILLED CONDITIONALS_NEGATION at helpers.go:86:11
      KILLED CONDITIONALS_BOUNDARY at helpers.go:86:31
      KILLED CONDITIONALS_NEGATION at helpers.go:86:31
      KILLED INVERT_LOGICAL at helpers.go:95:35
      KILLED CONDITIONALS_BOUNDARY at helpers.go:98:16
      KILLED CONDITIONALS_NEGATION at helpers.go:98:16
      KILLED INCREMENT_DECREMENT at helpers.go:98:31
      KILLED INVERT_LOGICAL at helpers.go:110:16
      KILLED CONDITIONALS_NEGATION at helpers.go:110:9
      KILLED CONDITIONALS_NEGATION at helpers.go:110:26
      KILLED INVERT_LOGICAL at helpers.go:123:26
      KILLED INVERT_LOGICAL at helpers.go:122:26
      KILLED INVERT_LOGICAL at helpers.go:121:32
      KILLED INVERT_LOGICAL at helpers.go:121:19
      KILLED CONDITIONALS_BOUNDARY at helpers.go:121:12
      KILLED CONDITIONALS_NEGATION at helpers.go:121:12
      KILLED CONDITIONALS_BOUNDARY at helpers.go:121:24
      KILLED CONDITIONALS_NEGATION at helpers.go:121:24
      KILLED INVERT_LOGICAL at helpers.go:122:13
      KILLED CONDITIONALS_NEGATION at helpers.go:122:6
      KILLED CONDITIONALS_BOUNDARY at helpers.go:122:6
      KILLED CONDITIONALS_BOUNDARY at helpers.go:122:18
      KILLED CONDITIONALS_NEGATION at helpers.go:122:18
      KILLED INVERT_LOGICAL at helpers.go:123:13
      KILLED CONDITIONALS_BOUNDARY at helpers.go:123:6
      KILLED CONDITIONALS_NEGATION at helpers.go:123:6
      KILLED CONDITIONALS_BOUNDARY at helpers.go:123:18
      KILLED CONDITIONALS_NEGATION at helpers.go:128:10
      KILLED CONDITIONALS_NEGATION at helpers.go:123:18
      KILLED CONDITIONALS_BOUNDARY at helpers.go:131:16
      KILLED CONDITIONALS_NEGATION at helpers.go:131:16
      KILLED INCREMENT_DECREMENT at helpers.go:131:30
      KILLED CONDITIONALS_NEGATION at provision.go:52:44
      KILLED CONDITIONALS_NEGATION at provision.go:55:42
      KILLED CONDITIONALS_BOUNDARY at provision.go:60:25
      KILLED CONDITIONALS_NEGATION at provision.go:60:25
      KILLED CONDITIONALS_BOUNDARY at provision.go:63:21
      KILLED CONDITIONALS_NEGATION at provision.go:63:21
      KILLED CONDITIONALS_NEGATION at provision.go:69:21
      KILLED INVERT_NEGATIVES at provision.go:70:27
      KILLED ARITHMETIC_BASE at provision.go:70:27
      KILLED CONDITIONALS_NEGATION at provision.go:73:27
      KILLED CONDITIONALS_NEGATION at provision.go:76:27
      KILLED CONDITIONALS_NEGATION at provision.go:79:27
      KILLED CONDITIONALS_NEGATION at provision.go:86:20
      KILLED CONDITIONALS_NEGATION at provision.go:89:24
      KILLED CONDITIONALS_BOUNDARY at provision.go:89:24
      KILLED CONDITIONALS_NEGATION at provision.go:92:18
      KILLED CONDITIONALS_NEGATION at provision.go:95:16
      KILLED CONDITIONALS_NEGATION at provision.go:105:32
      KILLED CONDITIONALS_NEGATION at provision.go:98:17
      KILLED CONDITIONALS_NEGATION at provision.go:116:33
      KILLED CONDITIONALS_NEGATION at provision.go:122:19
      KILLED CONDITIONALS_NEGATION at provision.go:137:9
      KILLED CONDITIONALS_NEGATION at provision.go:130:10
      KILLED CONDITIONALS_NEGATION at provision.go:148:9
      KILLED INVERT_NEGATIVES at provision.go:169:19
      KILLED ARITHMETIC_BASE at provision.go:169:19
      KILLED ARITHMETIC_BASE at provision.go:174:53
      KILLED CONDITIONALS_NEGATION at provision.go:170:21
      KILLED CONDITIONALS_NEGATION at provision.go:178:11
      KILLED CONDITIONALS_NEGATION at provision.go:193:24
      KILLED CONDITIONALS_NEGATION at provision.go:191:23
      KILLED INVERT_LOGICAL at provision.go:195:29
      KILLED CONDITIONALS_NEGATION at provision.go:195:23
      KILLED INVERT_LOGICAL at provision.go:200:68
      KILLED CONDITIONALS_NEGATION at provision.go:195:47
      KILLED INVERT_LOGICAL at provision.go:200:46
      KILLED INVERT_LOGICAL at provision.go:200:23
 NOT COVERED CONDITIONALS_NEGATION at provision.go:202:10
      KILLED CONDITIONALS_NEGATION at provision.go:200:17
      KILLED CONDITIONALS_NEGATION at provision.go:200:40
      KILLED CONDITIONALS_NEGATION at provision.go:200:62
      KILLED CONDITIONALS_NEGATION at provision.go:209:9
      KILLED CONDITIONALS_NEGATION at provision.go:226:17
      KILLED CONDITIONALS_NEGATION at provision.go:228:10
      KILLED INVERT_LOGICAL at provision.go:238:25
      KILLED CONDITIONALS_NEGATION at provision.go:238:19
      KILLED CONDITIONALS_NEGATION at provision.go:238:41
      KILLED CONDITIONALS_NEGATION at provision.go:240:10
      KILLED CONDITIONALS_NEGATION at provision.go:258:16
      KILLED CONDITIONALS_NEGATION at provision.go:262:12
      KILLED CONDITIONALS_NEGATION at provision.go:273:15
      KILLED CONDITIONALS_NEGATION at provision.go:282:23
      KILLED CONDITIONALS_NEGATION at provision.go:276:18
      KILLED INCREMENT_DECREMENT at provision.go:283:14
      KILLED INCREMENT_DECREMENT at provision.go:286:14
      KILLED CONDITIONALS_NEGATION at provision.go:285:17
      KILLED INVERT_LOGICAL at provision.go:288:22
      KILLED CONDITIONALS_NEGATION at provision.go:288:16
      KILLED INVERT_LOGICAL at provision.go:289:23
      KILLED CONDITIONALS_NEGATION at provision.go:288:40
      KILLED CONDITIONALS_NEGATION at provision.go:289:17
      KILLED CONDITIONALS_NEGATION at provision.go:289:41
      KILLED INCREMENT_DECREMENT at provision.go:292:14
      KILLED CONDITIONALS_BOUNDARY at provision.go:294:17
      KILLED CONDITIONALS_NEGATION at provision.go:294:17
      KILLED CONDITIONALS_NEGATION at provision.go:299:27
      KILLED CONDITIONALS_NEGATION at provision.go:299:44
      KILLED CONDITIONALS_NEGATION at provision.go:299:20
      KILLED INVERT_LOGICAL at provision.go:309:28
      KILLED CONDITIONALS_NEGATION at provision.go:309:21
      KILLED CONDITIONALS_BOUNDARY at provision.go:309:48
      KILLED INVERT_NEGATIVES at provision.go:309:50
      KILLED CONDITIONALS_NEGATION at provision.go:309:48
      KILLED ARITHMETIC_BASE at provision.go:309:50
      KILLED CONDITIONALS_BOUNDARY at provision.go:315:24
      KILLED CONDITIONALS_BOUNDARY at provision.go:312:22
      KILLED CONDITIONALS_NEGATION at provision.go:312:22
      KILLED CONDITIONALS_NEGATION at provision.go:315:24
      KILLED CONDITIONALS_BOUNDARY at provision.go:321:20
      KILLED CONDITIONALS_BOUNDARY at provision.go:318:23
      KILLED CONDITIONALS_NEGATION at provision.go:318:23
      KILLED CONDITIONALS_NEGATION at provision.go:321:20
      KILLED CONDITIONALS_BOUNDARY at provision.go:324:25
      KILLED CONDITIONALS_NEGATION at provision.go:324:25
      KILLED CONDITIONALS_BOUNDARY at provision.go:327:20
      KILLED CONDITIONALS_NEGATION at provision.go:327:20
      KILLED INVERT_LOGICAL at provision.go:330:33
      KILLED CONDITIONALS_NEGATION at provision.go:330:27
      KILLED CONDITIONALS_NEGATION at provision.go:330:55
      KILLED INVERT_LOGICAL at provision.go:333:33
      KILLED CONDITIONALS_NEGATION at provision.go:333:27
      KILLED CONDITIONALS_NEGATION at provision.go:349:44
      KILLED CONDITIONALS_NEGATION at provision.go:352:42
      KILLED ARITHMETIC_BASE at provision.go:360:86
      KILLED ARITHMETIC_BASE at provision.go:359:85
      KILLED CONDITIONALS_NEGATION at provision.go:357:8
      KILLED CONDITIONALS_NEGATION at provision.go:358:16
      KILLED INVERT_LOOPCTRL at provision.go:363:4
      KILLED INVERT_LOGICAL at provision.go:367:21
      KILLED CONDITIONALS_NEGATION at provision.go:367:14
      KILLED INVERT_LOGICAL at provision.go:367:70
      KILLED INVERT_LOGICAL at provision.go:367:49
      KILLED CONDITIONALS_NEGATION at provision.go:367:43
      KILLED CONDITIONALS_NEGATION at provision.go:367:64
      KILLED INVERT_LOGICAL at provision.go:367:91
      KILLED CONDITIONALS_NEGATION at provision.go:367:109
      KILLED CONDITIONALS_NEGATION at provision.go:367:85
      KILLED INVERT_LOGICAL at provision.go:374:21
      KILLED CONDITIONALS_NEGATION at provision.go:374:14
      KILLED INVERT_LOGICAL at provision.go:378:21
      KILLED INVERT_LOGICAL at provision.go:378:49
      KILLED CONDITIONALS_NEGATION at provision.go:378:14
      KILLED CONDITIONALS_NEGATION at provision.go:378:43
      KILLED CONDITIONALS_BOUNDARY at provision.go:378:76
      KILLED CONDITIONALS_NEGATION at provision.go:378:76
      KILLED INVERT_LOGICAL at serve.go:84:43
      KILLED CONDITIONALS_NEGATION at serve.go:84:11
      KILLED CONDITIONALS_NEGATION at serve.go:84:48
      KILLED CONDITIONALS_BOUNDARY at serve.go:149:31
      KILLED CONDITIONALS_NEGATION at serve.go:149:31
      KILLED CONDITIONALS_NEGATION at serve.go:152:32
      KILLED CONDITIONALS_NEGATION at serve.go:215:14
      KILLED INVERT_LOGICAL at serve.go:263:16
      KILLED CONDITIONALS_NEGATION at serve.go:263:9
      KILLED INVERT_LOGICAL at serve.go:267:29
      KILLED CONDITIONALS_NEGATION at serve.go:267:49
      KILLED CONDITIONALS_NEGATION at serve.go:285:16
      KILLED CONDITIONALS_NEGATION at serve.go:289:59
      KILLED CONDITIONALS_NEGATION at serve.go:302:15
      KILLED CONDITIONALS_NEGATION at serve.go:301:16
      KILLED CONDITIONALS_BOUNDARY at serve.go:313:22
      KILLED CONDITIONALS_NEGATION at serve.go:313:22
      KILLED CONDITIONALS_NEGATION at serve.go:316:16
      KILLED CONDITIONALS_BOUNDARY at serve.go:337:30
 NOT COVERED CONDITIONALS_NEGATION at serve.go:351:15
      KILLED CONDITIONALS_NEGATION at serve.go:337:30
      KILLED CONDITIONALS_NEGATION at serve.go:350:31
      KILLED CONDITIONALS_NEGATION at serve.go:338:15
      KILLED INVERT_LOGICAL at serve.go:370:32
      KILLED CONDITIONALS_NEGATION at serve.go:370:14
      KILLED CONDITIONALS_NEGATION at serve.go:374:14
      KILLED INVERT_LOGICAL at serve.go:374:32
      KILLED INVERT_LOGICAL at serve.go:378:32
      KILLED CONDITIONALS_NEGATION at serve.go:378:14
      KILLED CONDITIONALS_NEGATION at serve.go:382:14
      KILLED CONDITIONALS_NEGATION at serve.go:388:14
      KILLED CONDITIONALS_NEGATION at serve.go:389:11
      KILLED ARITHMETIC_BASE at serve.go:431:32
      KILLED CONDITIONALS_NEGATION at serve.go:406:17
      KILLED CONDITIONALS_NEGATION at serve.go:410:11
      KILLED CONDITIONALS_NEGATION at serve.go:422:17
      KILLED INVERT_LOOPCTRL at serve.go:435:4
      KILLED INVERT_LOGICAL at serve.go:445:36
      KILLED CONDITIONALS_BOUNDARY at serve.go:445:32
      KILLED CONDITIONALS_NEGATION at serve.go:445:32
      KILLED CONDITIONALS_NEGATION at serve.go:445:56
      KILLED CONDITIONALS_BOUNDARY at serve.go:445:56
      KILLED CONDITIONALS_NEGATION at serve.go:452:29
      KILLED CONDITIONALS_NEGATION at serve.go:453:15
      KILLED CONDITIONALS_NEGATION at serve.go:456:15
      KILLED CONDITIONALS_BOUNDARY at serve.go:459:21
      KILLED CONDITIONALS_NEGATION at serve.go:459:21
      KILLED CONDITIONALS_NEGATION at serve.go:463:16
      KILLED INVERT_LOGICAL at serve.go:470:17
      KILLED CONDITIONALS_NEGATION at serve.go:470:10
      KILLED CONDITIONALS_NEGATION at serve.go:478:11
      KILLED CONDITIONALS_NEGATION at serve.go:470:29
      KILLED CONDITIONALS_NEGATION at serve.go:483:16
      KILLED ARITHMETIC_BASE at serve.go:490:29
      KILLED CONDITIONALS_BOUNDARY at serve.go:522:13
      KILLED CONDITIONALS_NEGATION at serve.go:522:13
      KILLED ARITHMETIC_BASE at serve.go:525:54
      KILLED CONDITIONALS_BOUNDARY at serve.go:554:13
      KILLED CONDITIONALS_NEGATION at serve.go:569:15
      KILLED CONDITIONALS_NEGATION at serve.go:554:13
      KILLED INVERT_LOGICAL at serve.go:600:27
      KILLED CONDITIONALS_BOUNDARY at serve.go:600:53
      KILLED CONDITIONALS_NEGATION at serve.go:600:53
      KILLED CONDITIONALS_NEGATION at serve.go:601:60
      KILLED INVERT_LOGICAL at serve.go:607:51
      KILLED INVERT_LOGICAL at serve.go:607:29
      KILLED CONDITIONALS_NEGATION at serve.go:607:47
      KILLED CONDITIONALS_BOUNDARY at serve.go:607:47
      KILLED CONDITIONALS_BOUNDARY at serve.go:607:80
      KILLED CONDITIONALS_NEGATION at serve.go:607:80
      KILLED CONDITIONALS_NEGATION at serve.go:608:76
      KILLED CONDITIONALS_NEGATION at serve.go:611:24
      KILLED CONDITIONALS_NEGATION at serve.go:618:22
      KILLED INVERT_LOGICAL at serve.go:635:32
      KILLED CONDITIONALS_BOUNDARY at serve.go:635:28
      KILLED CONDITIONALS_NEGATION at serve.go:635:28
      KILLED CONDITIONALS_BOUNDARY at serve.go:635:58
      KILLED CONDITIONALS_NEGATION at serve.go:635:58
      KILLED CONDITIONALS_BOUNDARY at serve.go:642:28
      KILLED CONDITIONALS_NEGATION at serve.go:642:28
      KILLED INVERT_LOGICAL at serve.go:647:28
      KILLED CONDITIONALS_BOUNDARY at serve.go:647:24
      KILLED CONDITIONALS_BOUNDARY at serve.go:647:57
      KILLED CONDITIONALS_NEGATION at serve.go:647:24
      KILLED CONDITIONALS_NEGATION at serve.go:647:57
      KILLED INVERT_LOGICAL at serve.go:663:46
      KILLED CONDITIONALS_BOUNDARY at serve.go:663:20
      KILLED INVERT_LOGICAL at serve.go:663:25
      KILLED CONDITIONALS_NEGATION at serve.go:663:20
      KILLED CONDITIONALS_BOUNDARY at serve.go:663:66
      KILLED CONDITIONALS_NEGATION at serve.go:663:66
      KILLED ARITHMETIC_BASE at serve.go:669:63
      KILLED INVERT_NEGATIVES at serve.go:669:32
      KILLED ARITHMETIC_BASE at serve.go:669:32
      KILLED CONDITIONALS_BOUNDARY at serve.go:679:20
      KILLED CONDITIONALS_NEGATION at serve.go:679:20
      KILLED ARITHMETIC_BASE at serve.go:691:55
      KILLED INVERT_NEGATIVES at serve.go:691:24
      KILLED ARITHMETIC_BASE at serve.go:691:24
      KILLED CONDITIONALS_BOUNDARY at serve.go:743:28
      KILLED CONDITIONALS_NEGATION at serve.go:743:28
      KILLED INVERT_LOGICAL at serve.go:749:56
      KILLED INVERT_LOGICAL at serve.go:749:16
      KILLED CONDITIONALS_NEGATION at serve.go:749:9
      KILLED CONDITIONALS_NEGATION at serve.go:753:9
      KILLED CONDITIONALS_NEGATION at serve.go:755:35
      KILLED CONDITIONALS_NEGATION at serve.go:767:34
      KILLED CONDITIONALS_NEGATION at serve.go:797:36
      KILLED CONDITIONALS_NEGATION at serve.go:783:28
      KILLED ARITHMETIC_BASE at serve.go:822:48
      KILLED CONDITIONALS_NEGATION at serve.go:832:14
 NOT COVERED INVERT_LOOPCTRL at serve.go:883:5
      KILLED CONDITIONALS_NEGATION at serve.go:836:103
      KILLED ARITHMETIC_BASE at serve.go:847:65
      KILLED CONDITIONALS_NEGATION at serve.go:882:11
      KILLED CONDITIONALS_NEGATION at serve.go:887:29
      KILLED CONDITIONALS_NEGATION at serve.go:899:87
      KILLED INVERT_LOOPCTRL at serve.go:896:5
      KILLED INCREMENT_DECREMENT at serve.go:913:20
      KILLED CONDITIONALS_BOUNDARY at serve.go:914:24
      KILLED CONDITIONALS_NEGATION at serve.go:928:104
      KILLED CONDITIONALS_NEGATION at serve.go:914:24
      KILLED INVERT_LOGICAL at serve.go:966:28
      KILLED INVERT_LOGICAL at serve.go:965:35
      KILLED INVERT_LOGICAL at serve.go:964:57
      KILLED CONDITIONALS_NEGATION at serve.go:964:26
      KILLED INVERT_LOGICAL at serve.go:977:30
      KILLED CONDITIONALS_BOUNDARY at serve.go:977:25
      KILLED CONDITIONALS_NEGATION at serve.go:977:25
      KILLED INVERT_LOGICAL at serve.go:980:34
      KILLED CONDITIONALS_NEGATION at serve.go:980:29
      KILLED CONDITIONALS_BOUNDARY at serve.go:983:34
      KILLED CONDITIONALS_NEGATION at serve.go:983:34
      KILLED INVERT_LOGICAL at serve.go:1014:24
      KILLED CONDITIONALS_BOUNDARY at serve.go:1014:20
      KILLED CONDITIONALS_NEGATION at serve.go:1014:20
      KILLED CONDITIONALS_BOUNDARY at serve.go:1014:41
      KILLED CONDITIONALS_NEGATION at serve.go:1014:41
      KILLED CONDITIONALS_NEGATION at serve.go:1029:13
      KILLED ARITHMETIC_BASE at serve.go:1044:27
      KILLED INVERT_LOGICAL at serve.go:1055:24
      KILLED CONDITIONALS_BOUNDARY at serve.go:1055:20
      KILLED CONDITIONALS_NEGATION at serve.go:1055:20
      KILLED CONDITIONALS_BOUNDARY at serve.go:1055:39
      KILLED CONDITIONALS_NEGATION at serve.go:1055:39
      KILLED INVERT_LOGICAL at serve.go:1130:19
      KILLED CONDITIONALS_BOUNDARY at serve.go:1130:15
      KILLED CONDITIONALS_NEGATION at serve.go:1130:15
      KILLED INVERT_LOGICAL at serve.go:1130:34
      KILLED CONDITIONALS_NEGATION at serve.go:1130:29
      KILLED CONDITIONALS_BOUNDARY at serve.go:1130:43
      KILLED CONDITIONALS_NEGATION at serve.go:1130:43
      KILLED CONDITIONALS_NEGATION at serve.go:1136:10
      KILLED CONDITIONALS_BOUNDARY at serve.go:1148:49
      KILLED CONDITIONALS_NEGATION at serve.go:1148:49
      KILLED CONDITIONALS_BOUNDARY at serve.go:1152:16
      KILLED CONDITIONALS_NEGATION at serve.go:1152:16
      KILLED CONDITIONALS_NEGATION at serve.go:1156:9
      KILLED CONDITIONALS_NEGATION at serve.go:1160:9
      KILLED CONDITIONALS_NEGATION at serve.go:1182:19
      KILLED CONDITIONALS_BOUNDARY at serve.go:1189:17
      KILLED CONDITIONALS_NEGATION at serve.go:1189:17
      KILLED INVERT_LOGICAL at serve.go:1193:19
      KILLED CONDITIONALS_BOUNDARY at serve.go:1193:11
      KILLED CONDITIONALS_NEGATION at serve.go:1193:11
      KILLED CONDITIONALS_NEGATION at serve.go:1193:34
      KILLED INCREMENT_DECREMENT at serve.go:1194:7
      KILLED CONDITIONALS_NEGATION at serve.go:1197:18
      KILLED CONDITIONALS_NEGATION at serve.go:1202:39
      KILLED INVERT_NEGATIVES at serve.go:1203:32
      KILLED ARITHMETIC_BASE at serve.go:1210:35
      KILLED INVERT_LOOPCTRL at serve.go:1204:4
      KILLED ARITHMETIC_BASE at serve.go:1203:32
      KILLED CONDITIONALS_NEGATION at serve.go:1207:17
      KILLED INVERT_LOGICAL at serve.go:1235:19
      KILLED CONDITIONALS_NEGATION at serve.go:1235:13
      KILLED CONDITIONALS_NEGATION at serve.go:1235:29
      KILLED CONDITIONALS_NEGATION at serve.go:1241:18
      KILLED CONDITIONALS_NEGATION at serve.go:1242:15
      KILLED CONDITIONALS_BOUNDARY at serve.go:1242:15
      KILLED CONDITIONALS_BOUNDARY at serve.go:1244:10
      KILLED CONDITIONALS_NEGATION at serve.go:1244:10
      KILLED INVERT_LOGICAL at serve.go:1247:25
      KILLED CONDITIONALS_NEGATION at serve.go:1247:18
      KILLED ARITHMETIC_BASE at serve.go:1287:14
      KILLED CONDITIONALS_NEGATION at serve.go:1247:40
      KILLED CONDITIONALS_NEGATION at serve.go:1251:28
      KILLED CONDITIONALS_NEGATION at serve.go:1283:10
      KILLED CONDITIONALS_NEGATION at serve.go:1289:13
      KILLED CONDITIONALS_BOUNDARY at serve.go:1303:15
      KILLED CONDITIONALS_NEGATION at serve.go:1303:15
      KILLED ARITHMETIC_BASE at serve.go:1306:55
      KILLED INVERT_NEGATIVES at serve.go:1316:32
      KILLED ARITHMETIC_BASE at serve.go:1316:32
      KILLED CONDITIONALS_NEGATION at serve.go:1325:18
      KILLED INVERT_LOOPCTRL at serve.go:1335:5
      KILLED CONDITIONALS_NEGATION at serve.go:1341:18
      KILLED CONDITIONALS_NEGATION at serve.go:1361:12
      KILLED CONDITIONALS_BOUNDARY at serve.go:1366:27
      KILLED CONDITIONALS_NEGATION at serve.go:1366:27
      KILLED CONDITIONALS_NEGATION at serve.go:1371:14
      KILLED INVERT_LOOPCTRL at serve.go:1373:4
      KILLED CONDITIONALS_NEGATION at serve.go:1375:14
      KILLED INVERT_LOGICAL at serve.go:1379:15
      KILLED INVERT_LOGICAL at serve.go:1401:56
      KILLED CONDITIONALS_NEGATION at serve.go:1401:49
      KILLED CONDITIONALS_NEGATION at serve.go:1401:68
      KILLED INVERT_LOGICAL at serve.go:1427:17
      KILLED CONDITIONALS_NEGATION at serve.go:1433:8
      KILLED CONDITIONALS_NEGATION at serve.go:1427:10
      KILLED CONDITIONALS_NEGATION at serve.go:1439:10
      KILLED CONDITIONALS_NEGATION at serve.go:1448:49

Mutation testing completed in 9 minutes 10 seconds
Killed: 500, Lived: 0, Not covered: 3
Timed out: 0, Not viable: 0, Skipped: 0
Test efficacy: 100.00%
Mutator coverage: 99.40%
